Archive member included because of file (symbol)

c:/users/ahmed/onedrive/desktop/m.t embedded diploma/interface/avr_setup/bin/../lib/gcc/avr/4.3.3/avr5\libgcc.a(_mulsi3.o)
                              ./HAL/lm35_sensor.o (__mulsi3)
c:/users/ahmed/onedrive/desktop/m.t embedded diploma/interface/avr_setup/bin/../lib/gcc/avr/4.3.3/avr5\libgcc.a(_udivmodhi4.o)
                              ./MCAL/PWM.o (__udivmodhi4)
c:/users/ahmed/onedrive/desktop/m.t embedded diploma/interface/avr_setup/bin/../lib/gcc/avr/4.3.3/avr5\libgcc.a(_exit.o)
                              c:/users/ahmed/onedrive/desktop/m.t embedded diploma/interface/avr_setup/bin/../lib/gcc/avr/4.3.3/../../../../avr/lib/avr5/crtm32.o (exit)
c:/users/ahmed/onedrive/desktop/m.t embedded diploma/interface/avr_setup/bin/../lib/gcc/avr/4.3.3/avr5\libgcc.a(_copy_data.o)
                              ./APP/main.o (__do_copy_data)
c:/users/ahmed/onedrive/desktop/m.t embedded diploma/interface/avr_setup/bin/../lib/gcc/avr/4.3.3/avr5\libgcc.a(_clear_bss.o)
                              ./APP/main.o (__do_clear_bss)
c:/users/ahmed/onedrive/desktop/m.t embedded diploma/interface/avr_setup/bin/../lib/gcc/avr/4.3.3/avr5\libgcc.a(_fixunssfsi.o)
                              ./HAL/lcd.o (__fixunssfsi)
c:/users/ahmed/onedrive/desktop/m.t embedded diploma/interface/avr_setup/bin/../lib/gcc/avr/4.3.3/avr5\libgcc.a(_addsub_sf.o)
                              c:/users/ahmed/onedrive/desktop/m.t embedded diploma/interface/avr_setup/bin/../lib/gcc/avr/4.3.3/avr5\libgcc.a(_fixunssfsi.o) (__subsf3)
c:/users/ahmed/onedrive/desktop/m.t embedded diploma/interface/avr_setup/bin/../lib/gcc/avr/4.3.3/avr5\libgcc.a(_mul_sf.o)
                              ./HAL/lcd.o (__mulsf3)
c:/users/ahmed/onedrive/desktop/m.t embedded diploma/interface/avr_setup/bin/../lib/gcc/avr/4.3.3/avr5\libgcc.a(_div_sf.o)
                              ./HAL/lm35_sensor.o (__divsf3)
c:/users/ahmed/onedrive/desktop/m.t embedded diploma/interface/avr_setup/bin/../lib/gcc/avr/4.3.3/avr5\libgcc.a(_gt_sf.o)
                              ./HAL/lcd.o (__gtsf2)
c:/users/ahmed/onedrive/desktop/m.t embedded diploma/interface/avr_setup/bin/../lib/gcc/avr/4.3.3/avr5\libgcc.a(_ge_sf.o)
                              c:/users/ahmed/onedrive/desktop/m.t embedded diploma/interface/avr_setup/bin/../lib/gcc/avr/4.3.3/avr5\libgcc.a(_fixunssfsi.o) (__gesf2)
c:/users/ahmed/onedrive/desktop/m.t embedded diploma/interface/avr_setup/bin/../lib/gcc/avr/4.3.3/avr5\libgcc.a(_lt_sf.o)
                              ./HAL/lcd.o (__ltsf2)
c:/users/ahmed/onedrive/desktop/m.t embedded diploma/interface/avr_setup/bin/../lib/gcc/avr/4.3.3/avr5\libgcc.a(_sf_to_si.o)
                              c:/users/ahmed/onedrive/desktop/m.t embedded diploma/interface/avr_setup/bin/../lib/gcc/avr/4.3.3/avr5\libgcc.a(_fixunssfsi.o) (__fixsfsi)
c:/users/ahmed/onedrive/desktop/m.t embedded diploma/interface/avr_setup/bin/../lib/gcc/avr/4.3.3/avr5\libgcc.a(_thenan_sf.o)
                              c:/users/ahmed/onedrive/desktop/m.t embedded diploma/interface/avr_setup/bin/../lib/gcc/avr/4.3.3/avr5\libgcc.a(_addsub_sf.o) (__thenan_sf)
c:/users/ahmed/onedrive/desktop/m.t embedded diploma/interface/avr_setup/bin/../lib/gcc/avr/4.3.3/avr5\libgcc.a(_usi_to_sf.o)
                              ./HAL/lm35_sensor.o (__floatunsisf)
c:/users/ahmed/onedrive/desktop/m.t embedded diploma/interface/avr_setup/bin/../lib/gcc/avr/4.3.3/avr5\libgcc.a(_prologue.o)
                              c:/users/ahmed/onedrive/desktop/m.t embedded diploma/interface/avr_setup/bin/../lib/gcc/avr/4.3.3/avr5\libgcc.a(_addsub_sf.o) (__prologue_saves__)
c:/users/ahmed/onedrive/desktop/m.t embedded diploma/interface/avr_setup/bin/../lib/gcc/avr/4.3.3/avr5\libgcc.a(_epilogue.o)
                              c:/users/ahmed/onedrive/desktop/m.t embedded diploma/interface/avr_setup/bin/../lib/gcc/avr/4.3.3/avr5\libgcc.a(_addsub_sf.o) (__epilogue_restores__)
c:/users/ahmed/onedrive/desktop/m.t embedded diploma/interface/avr_setup/bin/../lib/gcc/avr/4.3.3/avr5\libgcc.a(_clzsi2.o)
                              c:/users/ahmed/onedrive/desktop/m.t embedded diploma/interface/avr_setup/bin/../lib/gcc/avr/4.3.3/avr5\libgcc.a(_usi_to_sf.o) (__clzsi2)
c:/users/ahmed/onedrive/desktop/m.t embedded diploma/interface/avr_setup/bin/../lib/gcc/avr/4.3.3/avr5\libgcc.a(_pack_sf.o)
                              c:/users/ahmed/onedrive/desktop/m.t embedded diploma/interface/avr_setup/bin/../lib/gcc/avr/4.3.3/avr5\libgcc.a(_addsub_sf.o) (__pack_f)
c:/users/ahmed/onedrive/desktop/m.t embedded diploma/interface/avr_setup/bin/../lib/gcc/avr/4.3.3/avr5\libgcc.a(_unpack_sf.o)
                              c:/users/ahmed/onedrive/desktop/m.t embedded diploma/interface/avr_setup/bin/../lib/gcc/avr/4.3.3/avr5\libgcc.a(_addsub_sf.o) (__unpack_f)
c:/users/ahmed/onedrive/desktop/m.t embedded diploma/interface/avr_setup/bin/../lib/gcc/avr/4.3.3/avr5\libgcc.a(_fpcmp_parts_sf.o)
                              c:/users/ahmed/onedrive/desktop/m.t embedded diploma/interface/avr_setup/bin/../lib/gcc/avr/4.3.3/avr5\libgcc.a(_gt_sf.o) (__fpcmp_parts_f)
c:/users/ahmed/onedrive/desktop/m.t embedded diploma/interface/avr_setup/bin/../lib/gcc/avr/4.3.3/avr5\libgcc.a(_clz.o)
                              c:/users/ahmed/onedrive/desktop/m.t embedded diploma/interface/avr_setup/bin/../lib/gcc/avr/4.3.3/avr5\libgcc.a(_clzsi2.o) (__clz_tab)
c:/users/ahmed/onedrive/desktop/m.t embedded diploma/interface/avr_setup/bin/../lib/gcc/avr/4.3.3/../../../../avr/lib/avr5\libc.a(itoa.o)
                              ./HAL/lcd.o (itoa)
c:/users/ahmed/onedrive/desktop/m.t embedded diploma/interface/avr_setup/bin/../lib/gcc/avr/4.3.3/../../../../avr/lib/avr5\libc.a(strrev.o)
                              c:/users/ahmed/onedrive/desktop/m.t embedded diploma/interface/avr_setup/bin/../lib/gcc/avr/4.3.3/../../../../avr/lib/avr5\libc.a(itoa.o) (strrev)

Allocating common symbols
Common symbol       size              file

speed               0x1               ./APP/main.o

Memory Configuration

Name             Origin             Length             Attributes
text             0x00000000         0x00020000         xr
data             0x00800060         0x0000ffa0         rw !x
eeprom           0x00810000         0x00010000         rw !x
fuse             0x00820000         0x00000400         rw !x
lock             0x00830000         0x00000400         rw !x
signature        0x00840000         0x00000400         rw !x
*default*        0x00000000         0xffffffff

Linker script and memory map

LOAD c:/users/ahmed/onedrive/desktop/m.t embedded diploma/interface/avr_setup/bin/../lib/gcc/avr/4.3.3/../../../../avr/lib/avr5/crtm32.o
LOAD ./MCAL/ADC.o
LOAD ./MCAL/GPIO.o
LOAD ./MCAL/PWM.o
LOAD ./HAL/DC_MOTOR.o
LOAD ./HAL/lcd.o
LOAD ./HAL/lm35_sensor.o
LOAD ./APP/main.o
LOAD c:/users/ahmed/onedrive/desktop/m.t embedded diploma/interface/avr_setup/bin/../lib/gcc/avr/4.3.3/avr5\libgcc.a
LOAD c:/users/ahmed/onedrive/desktop/m.t embedded diploma/interface/avr_setup/bin/../lib/gcc/avr/4.3.3/../../../../avr/lib/avr5\libc.a
LOAD c:/users/ahmed/onedrive/desktop/m.t embedded diploma/interface/avr_setup/bin/../lib/gcc/avr/4.3.3/avr5\libgcc.a

.hash
 *(.hash)

.dynsym
 *(.dynsym)

.dynstr
 *(.dynstr)

.gnu.version
 *(.gnu.version)

.gnu.version_d
 *(.gnu.version_d)

.gnu.version_r
 *(.gnu.version_r)

.rel.init
 *(.rel.init)

.rela.init
 *(.rela.init)

.rel.text
 *(.rel.text)
 *(.rel.text.*)
 *(.rel.gnu.linkonce.t*)

.rela.text
 *(.rela.text)
 *(.rela.text.*)
 *(.rela.gnu.linkonce.t*)

.rel.fini
 *(.rel.fini)

.rela.fini
 *(.rela.fini)

.rel.rodata
 *(.rel.rodata)
 *(.rel.rodata.*)
 *(.rel.gnu.linkonce.r*)

.rela.rodata
 *(.rela.rodata)
 *(.rela.rodata.*)
 *(.rela.gnu.linkonce.r*)

.rel.data
 *(.rel.data)
 *(.rel.data.*)
 *(.rel.gnu.linkonce.d*)

.rela.data
 *(.rela.data)
 *(.rela.data.*)
 *(.rela.gnu.linkonce.d*)

.rel.ctors
 *(.rel.ctors)

.rela.ctors
 *(.rela.ctors)

.rel.dtors
 *(.rel.dtors)

.rela.dtors
 *(.rela.dtors)

.rel.got
 *(.rel.got)

.rela.got
 *(.rela.got)

.rel.bss
 *(.rel.bss)

.rela.bss
 *(.rela.bss)

.rel.plt
 *(.rel.plt)

.rela.plt
 *(.rela.plt)

.text           0x00000000     0x2470
 *(.vectors)
 .vectors       0x00000000       0x54 c:/users/ahmed/onedrive/desktop/m.t embedded diploma/interface/avr_setup/bin/../lib/gcc/avr/4.3.3/../../../../avr/lib/avr5/crtm32.o
                0x00000000                __vectors
                0x00000000                __vector_default
 *(.vectors)
 *(.progmem.gcc*)
 *(.progmem*)
                0x00000054                . = ALIGN (0x2)
                0x00000054                __trampolines_start = .
 *(.trampolines)
 .trampolines   0x00000054        0x0 linker stubs
 *(.trampolines*)
                0x00000054                __trampolines_end = .
 *(.jumptables)
 *(.jumptables*)
 *(.lowtext)
 *(.lowtext*)
                0x00000054                __ctors_start = .
 *(.ctors)
                0x00000054                __ctors_end = .
                0x00000054                __dtors_start = .
 *(.dtors)
                0x00000054                __dtors_end = .
 SORT(*)(.ctors)
 SORT(*)(.dtors)
 *(.init0)
 .init0         0x00000054        0x0 c:/users/ahmed/onedrive/desktop/m.t embedded diploma/interface/avr_setup/bin/../lib/gcc/avr/4.3.3/../../../../avr/lib/avr5/crtm32.o
                0x00000054                __init
 *(.init0)
 *(.init1)
 *(.init1)
 *(.init2)
 .init2         0x00000054        0xc c:/users/ahmed/onedrive/desktop/m.t embedded diploma/interface/avr_setup/bin/../lib/gcc/avr/4.3.3/../../../../avr/lib/avr5/crtm32.o
 *(.init2)
 *(.init3)
 *(.init3)
 *(.init4)
 .init4         0x00000060       0x16 c:/users/ahmed/onedrive/desktop/m.t embedded diploma/interface/avr_setup/bin/../lib/gcc/avr/4.3.3/avr5\libgcc.a(_copy_data.o)
                0x00000060                __do_copy_data
 .init4         0x00000076       0x10 c:/users/ahmed/onedrive/desktop/m.t embedded diploma/interface/avr_setup/bin/../lib/gcc/avr/4.3.3/avr5\libgcc.a(_clear_bss.o)
                0x00000076                __do_clear_bss
 *(.init4)
 *(.init5)
 *(.init5)
 *(.init6)
 *(.init6)
 *(.init7)
 *(.init7)
 *(.init8)
 *(.init8)
 *(.init9)
 .init9         0x00000086        0x8 c:/users/ahmed/onedrive/desktop/m.t embedded diploma/interface/avr_setup/bin/../lib/gcc/avr/4.3.3/../../../../avr/lib/avr5/crtm32.o
 *(.init9)
 *(.text)
 .text          0x0000008e        0x4 c:/users/ahmed/onedrive/desktop/m.t embedded diploma/interface/avr_setup/bin/../lib/gcc/avr/4.3.3/../../../../avr/lib/avr5/crtm32.o
                0x0000008e                __vector_1
                0x0000008e                __vector_12
                0x0000008e                __bad_interrupt
                0x0000008e                __vector_6
                0x0000008e                __vector_3
                0x0000008e                __vector_11
                0x0000008e                __vector_13
                0x0000008e                __vector_17
                0x0000008e                __vector_19
                0x0000008e                __vector_7
                0x0000008e                __vector_5
                0x0000008e                __vector_4
                0x0000008e                __vector_9
                0x0000008e                __vector_2
                0x0000008e                __vector_15
                0x0000008e                __vector_8
                0x0000008e                __vector_14
                0x0000008e                __vector_10
                0x0000008e                __vector_16
                0x0000008e                __vector_18
                0x0000008e                __vector_20
 .text          0x00000092        0x0 ./MCAL/ADC.o
 .text          0x00000092        0x0 ./MCAL/GPIO.o
 .text          0x00000092        0x0 ./MCAL/PWM.o
 .text          0x00000092        0x0 ./HAL/DC_MOTOR.o
 .text          0x00000092        0x0 ./HAL/lcd.o
 .text          0x00000092        0x0 ./HAL/lm35_sensor.o
 .text          0x00000092        0x0 ./APP/main.o
 .text          0x00000092        0x0 c:/users/ahmed/onedrive/desktop/m.t embedded diploma/interface/avr_setup/bin/../lib/gcc/avr/4.3.3/avr5\libgcc.a(_mulsi3.o)
 .text          0x00000092        0x0 c:/users/ahmed/onedrive/desktop/m.t embedded diploma/interface/avr_setup/bin/../lib/gcc/avr/4.3.3/avr5\libgcc.a(_udivmodhi4.o)
 .text          0x00000092        0x0 c:/users/ahmed/onedrive/desktop/m.t embedded diploma/interface/avr_setup/bin/../lib/gcc/avr/4.3.3/avr5\libgcc.a(_exit.o)
 .text          0x00000092        0x0 c:/users/ahmed/onedrive/desktop/m.t embedded diploma/interface/avr_setup/bin/../lib/gcc/avr/4.3.3/avr5\libgcc.a(_copy_data.o)
 .text          0x00000092        0x0 c:/users/ahmed/onedrive/desktop/m.t embedded diploma/interface/avr_setup/bin/../lib/gcc/avr/4.3.3/avr5\libgcc.a(_clear_bss.o)
 .text          0x00000092       0x58 c:/users/ahmed/onedrive/desktop/m.t embedded diploma/interface/avr_setup/bin/../lib/gcc/avr/4.3.3/avr5\libgcc.a(_fixunssfsi.o)
                0x00000092                __fixunssfsi
 .text          0x000000ea      0x354 c:/users/ahmed/onedrive/desktop/m.t embedded diploma/interface/avr_setup/bin/../lib/gcc/avr/4.3.3/avr5\libgcc.a(_addsub_sf.o)
                0x00000382                __subsf3
                0x000003e4                __addsf3
 .text          0x0000043e      0x1f4 c:/users/ahmed/onedrive/desktop/m.t embedded diploma/interface/avr_setup/bin/../lib/gcc/avr/4.3.3/avr5\libgcc.a(_mul_sf.o)
                0x0000043e                __mulsf3
 .text          0x00000632      0x158 c:/users/ahmed/onedrive/desktop/m.t embedded diploma/interface/avr_setup/bin/../lib/gcc/avr/4.3.3/avr5\libgcc.a(_div_sf.o)
                0x00000632                __divsf3
 .text          0x0000078a       0x60 c:/users/ahmed/onedrive/desktop/m.t embedded diploma/interface/avr_setup/bin/../lib/gcc/avr/4.3.3/avr5\libgcc.a(_gt_sf.o)
                0x0000078a                __gtsf2
 .text          0x000007ea       0x60 c:/users/ahmed/onedrive/desktop/m.t embedded diploma/interface/avr_setup/bin/../lib/gcc/avr/4.3.3/avr5\libgcc.a(_ge_sf.o)
                0x000007ea                __gesf2
 .text          0x0000084a       0x60 c:/users/ahmed/onedrive/desktop/m.t embedded diploma/interface/avr_setup/bin/../lib/gcc/avr/4.3.3/avr5\libgcc.a(_lt_sf.o)
                0x0000084a                __ltsf2
 .text          0x000008aa       0xa8 c:/users/ahmed/onedrive/desktop/m.t embedded diploma/interface/avr_setup/bin/../lib/gcc/avr/4.3.3/avr5\libgcc.a(_sf_to_si.o)
                0x000008aa                __fixsfsi
 .text          0x00000952        0x0 c:/users/ahmed/onedrive/desktop/m.t embedded diploma/interface/avr_setup/bin/../lib/gcc/avr/4.3.3/avr5\libgcc.a(_thenan_sf.o)
 .text          0x00000952       0xf2 c:/users/ahmed/onedrive/desktop/m.t embedded diploma/interface/avr_setup/bin/../lib/gcc/avr/4.3.3/avr5\libgcc.a(_usi_to_sf.o)
                0x00000952                __floatunsisf
 .text          0x00000a44        0x0 c:/users/ahmed/onedrive/desktop/m.t embedded diploma/interface/avr_setup/bin/../lib/gcc/avr/4.3.3/avr5\libgcc.a(_prologue.o)
 .text          0x00000a44        0x0 c:/users/ahmed/onedrive/desktop/m.t embedded diploma/interface/avr_setup/bin/../lib/gcc/avr/4.3.3/avr5\libgcc.a(_epilogue.o)
 .text          0x00000a44       0x9e c:/users/ahmed/onedrive/desktop/m.t embedded diploma/interface/avr_setup/bin/../lib/gcc/avr/4.3.3/avr5\libgcc.a(_clzsi2.o)
                0x00000a44                __clzsi2
 .text          0x00000ae2      0x1aa c:/users/ahmed/onedrive/desktop/m.t embedded diploma/interface/avr_setup/bin/../lib/gcc/avr/4.3.3/avr5\libgcc.a(_pack_sf.o)
                0x00000ae2                __pack_f
 .text          0x00000c8c       0xf0 c:/users/ahmed/onedrive/desktop/m.t embedded diploma/interface/avr_setup/bin/../lib/gcc/avr/4.3.3/avr5\libgcc.a(_unpack_sf.o)
                0x00000c8c                __unpack_f
 .text          0x00000d7c       0xb2 c:/users/ahmed/onedrive/desktop/m.t embedded diploma/interface/avr_setup/bin/../lib/gcc/avr/4.3.3/avr5\libgcc.a(_fpcmp_parts_sf.o)
                0x00000d7c                __fpcmp_parts_f
 .text          0x00000e2e        0x0 c:/users/ahmed/onedrive/desktop/m.t embedded diploma/interface/avr_setup/bin/../lib/gcc/avr/4.3.3/avr5\libgcc.a(_clz.o)
 .text          0x00000e2e        0x0 c:/users/ahmed/onedrive/desktop/m.t embedded diploma/interface/avr_setup/bin/../lib/gcc/avr/4.3.3/../../../../avr/lib/avr5\libc.a(itoa.o)
 .text          0x00000e2e        0x0 c:/users/ahmed/onedrive/desktop/m.t embedded diploma/interface/avr_setup/bin/../lib/gcc/avr/4.3.3/../../../../avr/lib/avr5\libc.a(strrev.o)
                0x00000e2e                . = ALIGN (0x2)
 *(.text.*)
 .text.ADC_init
                0x00000e2e       0x60 ./MCAL/ADC.o
                0x00000e2e                ADC_init
 .text.ADC_readChannel
                0x00000e8e       0x60 ./MCAL/ADC.o
                0x00000e8e                ADC_readChannel
 .text.GPIO_setupPinDirection
                0x00000eee      0x1d6 ./MCAL/GPIO.o
                0x00000eee                GPIO_setupPinDirection
 .text.GPIO_writePin
                0x000010c4      0x1d6 ./MCAL/GPIO.o
                0x000010c4                GPIO_writePin
 .text.GPIO_readPin
                0x0000129a      0x136 ./MCAL/GPIO.o
                0x0000129a                GPIO_readPin
 .text.GPIO_setupPortDirection
                0x000013d0       0x88 ./MCAL/GPIO.o
                0x000013d0                GPIO_setupPortDirection
 .text.GPIO_writePort
                0x00001458       0x88 ./MCAL/GPIO.o
                0x00001458                GPIO_writePort
 .text.GPIO_readPort
                0x000014e0       0x8a ./MCAL/GPIO.o
                0x000014e0                GPIO_readPort
 .text.Timer0_PWM_Init
                0x0000156a       0x60 ./MCAL/PWM.o
                0x0000156a                Timer0_PWM_Init
 .text.DcMotor_init
                0x000015ca       0x28 ./HAL/DC_MOTOR.o
                0x000015ca                DcMotor_init
 .text.DcMotor_Rotate
                0x000015f2       0x26 ./HAL/DC_MOTOR.o
                0x000015f2                DcMotor_Rotate
 .text.LCD_init
                0x00001618      0x138 ./HAL/lcd.o
                0x00001618                LCD_init
 .text.LCD_sendCommand
                0x00001750      0x3de ./HAL/lcd.o
                0x00001750                LCD_sendCommand
 .text.LCD_displayCharacter
                0x00001b2e      0x3de ./HAL/lcd.o
                0x00001b2e                LCD_displayCharacter
 .text.LCD_displayString
                0x00001f0c       0x52 ./HAL/lcd.o
                0x00001f0c                LCD_displayString
 .text.LCD_moveCursor
                0x00001f5e       0x84 ./HAL/lcd.o
                0x00001f5e                LCD_moveCursor
 .text.LCD_displayStringRowColumn
                0x00001fe2       0x32 ./HAL/lcd.o
                0x00001fe2                LCD_displayStringRowColumn
 .text.LCD_intgerToString
                0x00002014       0x46 ./HAL/lcd.o
                0x00002014                LCD_intgerToString
 .text.LCD_clearScreen
                0x0000205a       0x14 ./HAL/lcd.o
                0x0000205a                LCD_clearScreen
 .text.LM35_getTemperature
                0x0000206e       0x8a ./HAL/lm35_sensor.o
                0x0000206e                LM35_getTemperature
 .text.main     0x000020f8      0x23e ./APP/main.o
                0x000020f8                main
 .text.libgcc   0x00002336       0x3e c:/users/ahmed/onedrive/desktop/m.t embedded diploma/interface/avr_setup/bin/../lib/gcc/avr/4.3.3/avr5\libgcc.a(_mulsi3.o)
                0x00002336                __mulsi3
 .text.libgcc   0x00002374       0x28 c:/users/ahmed/onedrive/desktop/m.t embedded diploma/interface/avr_setup/bin/../lib/gcc/avr/4.3.3/avr5\libgcc.a(_udivmodhi4.o)
                0x00002374                __udivmodhi4
 .text.libgcc   0x0000239c        0x0 c:/users/ahmed/onedrive/desktop/m.t embedded diploma/interface/avr_setup/bin/../lib/gcc/avr/4.3.3/avr5\libgcc.a(_exit.o)
 .text.libgcc   0x0000239c        0x0 c:/users/ahmed/onedrive/desktop/m.t embedded diploma/interface/avr_setup/bin/../lib/gcc/avr/4.3.3/avr5\libgcc.a(_copy_data.o)
 .text.libgcc   0x0000239c        0x0 c:/users/ahmed/onedrive/desktop/m.t embedded diploma/interface/avr_setup/bin/../lib/gcc/avr/4.3.3/avr5\libgcc.a(_clear_bss.o)
 .text.libgcc   0x0000239c       0x38 c:/users/ahmed/onedrive/desktop/m.t embedded diploma/interface/avr_setup/bin/../lib/gcc/avr/4.3.3/avr5\libgcc.a(_prologue.o)
                0x0000239c                __prologue_saves__
 .text.libgcc   0x000023d4       0x36 c:/users/ahmed/onedrive/desktop/m.t embedded diploma/interface/avr_setup/bin/../lib/gcc/avr/4.3.3/avr5\libgcc.a(_epilogue.o)
                0x000023d4                __epilogue_restores__
 .text.avr-libc
                0x0000240a       0x42 c:/users/ahmed/onedrive/desktop/m.t embedded diploma/interface/avr_setup/bin/../lib/gcc/avr/4.3.3/../../../../avr/lib/avr5\libc.a(itoa.o)
                0x0000240a                itoa
 .text.avr-libc
                0x0000244c       0x20 c:/users/ahmed/onedrive/desktop/m.t embedded diploma/interface/avr_setup/bin/../lib/gcc/avr/4.3.3/../../../../avr/lib/avr5\libc.a(strrev.o)
                0x0000244c                strrev
                0x0000246c                . = ALIGN (0x2)
 *(.fini9)
 .fini9         0x0000246c        0x0 c:/users/ahmed/onedrive/desktop/m.t embedded diploma/interface/avr_setup/bin/../lib/gcc/avr/4.3.3/avr5\libgcc.a(_exit.o)
                0x0000246c                exit
                0x0000246c                _exit
 *(.fini9)
 *(.fini8)
 *(.fini8)
 *(.fini7)
 *(.fini7)
 *(.fini6)
 *(.fini6)
 *(.fini5)
 *(.fini5)
 *(.fini4)
 *(.fini4)
 *(.fini3)
 *(.fini3)
 *(.fini2)
 *(.fini2)
 *(.fini1)
 *(.fini1)
 *(.fini0)
 .fini0         0x0000246c        0x4 c:/users/ahmed/onedrive/desktop/m.t embedded diploma/interface/avr_setup/bin/../lib/gcc/avr/4.3.3/avr5\libgcc.a(_exit.o)
 *(.fini0)
                0x00002470                _etext = .

.data           0x00800060      0x12a load address 0x00002470
                0x00800060                PROVIDE (__data_start, .)
 *(.data)
 .data          0x00800060        0x0 c:/users/ahmed/onedrive/desktop/m.t embedded diploma/interface/avr_setup/bin/../lib/gcc/avr/4.3.3/../../../../avr/lib/avr5/crtm32.o
 .data          0x00800060        0x0 ./MCAL/ADC.o
 .data          0x00800060        0x0 ./MCAL/GPIO.o
 .data          0x00800060        0x0 ./MCAL/PWM.o
 .data          0x00800060        0x0 ./HAL/DC_MOTOR.o
 .data          0x00800060        0x0 ./HAL/lcd.o
 .data          0x00800060        0x0 ./HAL/lm35_sensor.o
 .data          0x00800060       0x22 ./APP/main.o
 .data          0x00800082        0x0 c:/users/ahmed/onedrive/desktop/m.t embedded diploma/interface/avr_setup/bin/../lib/gcc/avr/4.3.3/avr5\libgcc.a(_mulsi3.o)
 .data          0x00800082        0x0 c:/users/ahmed/onedrive/desktop/m.t embedded diploma/interface/avr_setup/bin/../lib/gcc/avr/4.3.3/avr5\libgcc.a(_udivmodhi4.o)
 .data          0x00800082        0x0 c:/users/ahmed/onedrive/desktop/m.t embedded diploma/interface/avr_setup/bin/../lib/gcc/avr/4.3.3/avr5\libgcc.a(_exit.o)
 .data          0x00800082        0x0 c:/users/ahmed/onedrive/desktop/m.t embedded diploma/interface/avr_setup/bin/../lib/gcc/avr/4.3.3/avr5\libgcc.a(_copy_data.o)
 .data          0x00800082        0x0 c:/users/ahmed/onedrive/desktop/m.t embedded diploma/interface/avr_setup/bin/../lib/gcc/avr/4.3.3/avr5\libgcc.a(_clear_bss.o)
 .data          0x00800082        0x0 c:/users/ahmed/onedrive/desktop/m.t embedded diploma/interface/avr_setup/bin/../lib/gcc/avr/4.3.3/avr5\libgcc.a(_fixunssfsi.o)
 .data          0x00800082        0x0 c:/users/ahmed/onedrive/desktop/m.t embedded diploma/interface/avr_setup/bin/../lib/gcc/avr/4.3.3/avr5\libgcc.a(_addsub_sf.o)
 .data          0x00800082        0x0 c:/users/ahmed/onedrive/desktop/m.t embedded diploma/interface/avr_setup/bin/../lib/gcc/avr/4.3.3/avr5\libgcc.a(_mul_sf.o)
 .data          0x00800082        0x0 c:/users/ahmed/onedrive/desktop/m.t embedded diploma/interface/avr_setup/bin/../lib/gcc/avr/4.3.3/avr5\libgcc.a(_div_sf.o)
 .data          0x00800082        0x0 c:/users/ahmed/onedrive/desktop/m.t embedded diploma/interface/avr_setup/bin/../lib/gcc/avr/4.3.3/avr5\libgcc.a(_gt_sf.o)
 .data          0x00800082        0x0 c:/users/ahmed/onedrive/desktop/m.t embedded diploma/interface/avr_setup/bin/../lib/gcc/avr/4.3.3/avr5\libgcc.a(_ge_sf.o)
 .data          0x00800082        0x0 c:/users/ahmed/onedrive/desktop/m.t embedded diploma/interface/avr_setup/bin/../lib/gcc/avr/4.3.3/avr5\libgcc.a(_lt_sf.o)
 .data          0x00800082        0x0 c:/users/ahmed/onedrive/desktop/m.t embedded diploma/interface/avr_setup/bin/../lib/gcc/avr/4.3.3/avr5\libgcc.a(_sf_to_si.o)
 .data          0x00800082        0x8 c:/users/ahmed/onedrive/desktop/m.t embedded diploma/interface/avr_setup/bin/../lib/gcc/avr/4.3.3/avr5\libgcc.a(_thenan_sf.o)
                0x00800082                __thenan_sf
 .data          0x0080008a        0x0 c:/users/ahmed/onedrive/desktop/m.t embedded diploma/interface/avr_setup/bin/../lib/gcc/avr/4.3.3/avr5\libgcc.a(_usi_to_sf.o)
 .data          0x0080008a        0x0 c:/users/ahmed/onedrive/desktop/m.t embedded diploma/interface/avr_setup/bin/../lib/gcc/avr/4.3.3/avr5\libgcc.a(_prologue.o)
 .data          0x0080008a        0x0 c:/users/ahmed/onedrive/desktop/m.t embedded diploma/interface/avr_setup/bin/../lib/gcc/avr/4.3.3/avr5\libgcc.a(_epilogue.o)
 .data          0x0080008a        0x0 c:/users/ahmed/onedrive/desktop/m.t embedded diploma/interface/avr_setup/bin/../lib/gcc/avr/4.3.3/avr5\libgcc.a(_clzsi2.o)
 .data          0x0080008a        0x0 c:/users/ahmed/onedrive/desktop/m.t embedded diploma/interface/avr_setup/bin/../lib/gcc/avr/4.3.3/avr5\libgcc.a(_pack_sf.o)
 .data          0x0080008a        0x0 c:/users/ahmed/onedrive/desktop/m.t embedded diploma/interface/avr_setup/bin/../lib/gcc/avr/4.3.3/avr5\libgcc.a(_unpack_sf.o)
 .data          0x0080008a        0x0 c:/users/ahmed/onedrive/desktop/m.t embedded diploma/interface/avr_setup/bin/../lib/gcc/avr/4.3.3/avr5\libgcc.a(_fpcmp_parts_sf.o)
 .data          0x0080008a      0x100 c:/users/ahmed/onedrive/desktop/m.t embedded diploma/interface/avr_setup/bin/../lib/gcc/avr/4.3.3/avr5\libgcc.a(_clz.o)
                0x0080008a                __clz_tab
 .data          0x0080018a        0x0 c:/users/ahmed/onedrive/desktop/m.t embedded diploma/interface/avr_setup/bin/../lib/gcc/avr/4.3.3/../../../../avr/lib/avr5\libc.a(itoa.o)
 .data          0x0080018a        0x0 c:/users/ahmed/onedrive/desktop/m.t embedded diploma/interface/avr_setup/bin/../lib/gcc/avr/4.3.3/../../../../avr/lib/avr5\libc.a(strrev.o)
 *(.data*)
 *(.rodata)
 *(.rodata*)
 *(.gnu.linkonce.d*)
                0x0080018a                . = ALIGN (0x2)
                0x0080018a                _edata = .
                0x0080018a                PROVIDE (__data_end, .)

.bss            0x0080018a        0x1
                0x0080018a                PROVIDE (__bss_start, .)
 *(.bss)
 .bss           0x0080018a        0x0 c:/users/ahmed/onedrive/desktop/m.t embedded diploma/interface/avr_setup/bin/../lib/gcc/avr/4.3.3/../../../../avr/lib/avr5/crtm32.o
 .bss           0x0080018a        0x0 ./MCAL/ADC.o
 .bss           0x0080018a        0x0 ./MCAL/GPIO.o
 .bss           0x0080018a        0x0 ./MCAL/PWM.o
 .bss           0x0080018a        0x0 ./HAL/DC_MOTOR.o
 .bss           0x0080018a        0x0 ./HAL/lcd.o
 .bss           0x0080018a        0x0 ./HAL/lm35_sensor.o
 .bss           0x0080018a        0x0 ./APP/main.o
 .bss           0x0080018a        0x0 c:/users/ahmed/onedrive/desktop/m.t embedded diploma/interface/avr_setup/bin/../lib/gcc/avr/4.3.3/avr5\libgcc.a(_mulsi3.o)
 .bss           0x0080018a        0x0 c:/users/ahmed/onedrive/desktop/m.t embedded diploma/interface/avr_setup/bin/../lib/gcc/avr/4.3.3/avr5\libgcc.a(_udivmodhi4.o)
 .bss           0x0080018a        0x0 c:/users/ahmed/onedrive/desktop/m.t embedded diploma/interface/avr_setup/bin/../lib/gcc/avr/4.3.3/avr5\libgcc.a(_exit.o)
 .bss           0x0080018a        0x0 c:/users/ahmed/onedrive/desktop/m.t embedded diploma/interface/avr_setup/bin/../lib/gcc/avr/4.3.3/avr5\libgcc.a(_copy_data.o)
 .bss           0x0080018a        0x0 c:/users/ahmed/onedrive/desktop/m.t embedded diploma/interface/avr_setup/bin/../lib/gcc/avr/4.3.3/avr5\libgcc.a(_clear_bss.o)
 .bss           0x0080018a        0x0 c:/users/ahmed/onedrive/desktop/m.t embedded diploma/interface/avr_setup/bin/../lib/gcc/avr/4.3.3/avr5\libgcc.a(_fixunssfsi.o)
 .bss           0x0080018a        0x0 c:/users/ahmed/onedrive/desktop/m.t embedded diploma/interface/avr_setup/bin/../lib/gcc/avr/4.3.3/avr5\libgcc.a(_addsub_sf.o)
 .bss           0x0080018a        0x0 c:/users/ahmed/onedrive/desktop/m.t embedded diploma/interface/avr_setup/bin/../lib/gcc/avr/4.3.3/avr5\libgcc.a(_mul_sf.o)
 .bss           0x0080018a        0x0 c:/users/ahmed/onedrive/desktop/m.t embedded diploma/interface/avr_setup/bin/../lib/gcc/avr/4.3.3/avr5\libgcc.a(_div_sf.o)
 .bss           0x0080018a        0x0 c:/users/ahmed/onedrive/desktop/m.t embedded diploma/interface/avr_setup/bin/../lib/gcc/avr/4.3.3/avr5\libgcc.a(_gt_sf.o)
 .bss           0x0080018a        0x0 c:/users/ahmed/onedrive/desktop/m.t embedded diploma/interface/avr_setup/bin/../lib/gcc/avr/4.3.3/avr5\libgcc.a(_ge_sf.o)
 .bss           0x0080018a        0x0 c:/users/ahmed/onedrive/desktop/m.t embedded diploma/interface/avr_setup/bin/../lib/gcc/avr/4.3.3/avr5\libgcc.a(_lt_sf.o)
 .bss           0x0080018a        0x0 c:/users/ahmed/onedrive/desktop/m.t embedded diploma/interface/avr_setup/bin/../lib/gcc/avr/4.3.3/avr5\libgcc.a(_sf_to_si.o)
 .bss           0x0080018a        0x0 c:/users/ahmed/onedrive/desktop/m.t embedded diploma/interface/avr_setup/bin/../lib/gcc/avr/4.3.3/avr5\libgcc.a(_thenan_sf.o)
 .bss           0x0080018a        0x0 c:/users/ahmed/onedrive/desktop/m.t embedded diploma/interface/avr_setup/bin/../lib/gcc/avr/4.3.3/avr5\libgcc.a(_usi_to_sf.o)
 .bss           0x0080018a        0x0 c:/users/ahmed/onedrive/desktop/m.t embedded diploma/interface/avr_setup/bin/../lib/gcc/avr/4.3.3/avr5\libgcc.a(_prologue.o)
 .bss           0x0080018a        0x0 c:/users/ahmed/onedrive/desktop/m.t embedded diploma/interface/avr_setup/bin/../lib/gcc/avr/4.3.3/avr5\libgcc.a(_epilogue.o)
 .bss           0x0080018a        0x0 c:/users/ahmed/onedrive/desktop/m.t embedded diploma/interface/avr_setup/bin/../lib/gcc/avr/4.3.3/avr5\libgcc.a(_clzsi2.o)
 .bss           0x0080018a        0x0 c:/users/ahmed/onedrive/desktop/m.t embedded diploma/interface/avr_setup/bin/../lib/gcc/avr/4.3.3/avr5\libgcc.a(_pack_sf.o)
 .bss           0x0080018a        0x0 c:/users/ahmed/onedrive/desktop/m.t embedded diploma/interface/avr_setup/bin/../lib/gcc/avr/4.3.3/avr5\libgcc.a(_unpack_sf.o)
 .bss           0x0080018a        0x0 c:/users/ahmed/onedrive/desktop/m.t embedded diploma/interface/avr_setup/bin/../lib/gcc/avr/4.3.3/avr5\libgcc.a(_fpcmp_parts_sf.o)
 .bss           0x0080018a        0x0 c:/users/ahmed/onedrive/desktop/m.t embedded diploma/interface/avr_setup/bin/../lib/gcc/avr/4.3.3/avr5\libgcc.a(_clz.o)
 .bss           0x0080018a        0x0 c:/users/ahmed/onedrive/desktop/m.t embedded diploma/interface/avr_setup/bin/../lib/gcc/avr/4.3.3/../../../../avr/lib/avr5\libc.a(itoa.o)
 .bss           0x0080018a        0x0 c:/users/ahmed/onedrive/desktop/m.t embedded diploma/interface/avr_setup/bin/../lib/gcc/avr/4.3.3/../../../../avr/lib/avr5\libc.a(strrev.o)
 *(.bss*)
 *(COMMON)
 COMMON         0x0080018a        0x1 ./APP/main.o
                0x0080018a                speed
                0x0080018b                PROVIDE (__bss_end, .)
                0x00002470                __data_load_start = LOADADDR (.data)
                0x0000259a                __data_load_end = (__data_load_start + SIZEOF (.data))

.noinit         0x0080018b        0x0
                0x0080018b                PROVIDE (__noinit_start, .)
 *(.noinit*)
                0x0080018b                PROVIDE (__noinit_end, .)
                0x0080018b                _end = .
                0x0080018b                PROVIDE (__heap_start, .)

.eeprom         0x00810000        0x0
 *(.eeprom*)
                0x00810000                __eeprom_end = .

.fuse
 *(.fuse)
 *(.lfuse)
 *(.hfuse)
 *(.efuse)

.lock
 *(.lock*)

.signature
 *(.signature*)

.stab           0x00000000     0x1ec0
 *(.stab)
 .stab          0x00000000      0x474 ./MCAL/ADC.o
 .stab          0x00000474      0x624 ./MCAL/GPIO.o
                                0x870 (size before relaxing)
 .stab          0x00000a98      0x1a4 ./MCAL/PWM.o
                                0x42c (size before relaxing)
 .stab          0x00000c3c      0x2c4 ./HAL/DC_MOTOR.o
                                0x480 (size before relaxing)
 .stab          0x00000f00      0xb1c ./HAL/lcd.o
                                0xd38 (size before relaxing)
 .stab          0x00001a1c      0x1e0 ./HAL/lm35_sensor.o
                                0x27c (size before relaxing)
 .stab          0x00001bfc      0x2c4 ./APP/main.o
                                0x2d0 (size before relaxing)

.stabstr        0x00000000     0x1555
 *(.stabstr)
 .stabstr       0x00000000     0x1555 ./MCAL/ADC.o

.stab.excl
 *(.stab.excl)

.stab.exclstr
 *(.stab.exclstr)

.stab.index
 *(.stab.index)

.stab.indexstr
 *(.stab.indexstr)

.comment
 *(.comment)

.debug
 *(.debug)

.line
 *(.line)

.debug_srcinfo
 *(.debug_srcinfo)

.debug_sfnames
 *(.debug_sfnames)

.debug_aranges  0x00000000      0x1a0
 *(.debug_aranges)
 .debug_aranges
                0x00000000       0x20 c:/users/ahmed/onedrive/desktop/m.t embedded diploma/interface/avr_setup/bin/../lib/gcc/avr/4.3.3/avr5\libgcc.a(_fixunssfsi.o)
 .debug_aranges
                0x00000020       0x20 c:/users/ahmed/onedrive/desktop/m.t embedded diploma/interface/avr_setup/bin/../lib/gcc/avr/4.3.3/avr5\libgcc.a(_addsub_sf.o)
 .debug_aranges
                0x00000040       0x20 c:/users/ahmed/onedrive/desktop/m.t embedded diploma/interface/avr_setup/bin/../lib/gcc/avr/4.3.3/avr5\libgcc.a(_mul_sf.o)
 .debug_aranges
                0x00000060       0x20 c:/users/ahmed/onedrive/desktop/m.t embedded diploma/interface/avr_setup/bin/../lib/gcc/avr/4.3.3/avr5\libgcc.a(_div_sf.o)
 .debug_aranges
                0x00000080       0x20 c:/users/ahmed/onedrive/desktop/m.t embedded diploma/interface/avr_setup/bin/../lib/gcc/avr/4.3.3/avr5\libgcc.a(_gt_sf.o)
 .debug_aranges
                0x000000a0       0x20 c:/users/ahmed/onedrive/desktop/m.t embedded diploma/interface/avr_setup/bin/../lib/gcc/avr/4.3.3/avr5\libgcc.a(_ge_sf.o)
 .debug_aranges
                0x000000c0       0x20 c:/users/ahmed/onedrive/desktop/m.t embedded diploma/interface/avr_setup/bin/../lib/gcc/avr/4.3.3/avr5\libgcc.a(_lt_sf.o)
 .debug_aranges
                0x000000e0       0x20 c:/users/ahmed/onedrive/desktop/m.t embedded diploma/interface/avr_setup/bin/../lib/gcc/avr/4.3.3/avr5\libgcc.a(_sf_to_si.o)
 .debug_aranges
                0x00000100       0x20 c:/users/ahmed/onedrive/desktop/m.t embedded diploma/interface/avr_setup/bin/../lib/gcc/avr/4.3.3/avr5\libgcc.a(_usi_to_sf.o)
 .debug_aranges
                0x00000120       0x20 c:/users/ahmed/onedrive/desktop/m.t embedded diploma/interface/avr_setup/bin/../lib/gcc/avr/4.3.3/avr5\libgcc.a(_clzsi2.o)
 .debug_aranges
                0x00000140       0x20 c:/users/ahmed/onedrive/desktop/m.t embedded diploma/interface/avr_setup/bin/../lib/gcc/avr/4.3.3/avr5\libgcc.a(_pack_sf.o)
 .debug_aranges
                0x00000160       0x20 c:/users/ahmed/onedrive/desktop/m.t embedded diploma/interface/avr_setup/bin/../lib/gcc/avr/4.3.3/avr5\libgcc.a(_unpack_sf.o)
 .debug_aranges
                0x00000180       0x20 c:/users/ahmed/onedrive/desktop/m.t embedded diploma/interface/avr_setup/bin/../lib/gcc/avr/4.3.3/avr5\libgcc.a(_fpcmp_parts_sf.o)

.debug_pubnames
                0x00000000      0x1f2
 *(.debug_pubnames)
 .debug_pubnames
                0x00000000       0x23 c:/users/ahmed/onedrive/desktop/m.t embedded diploma/interface/avr_setup/bin/../lib/gcc/avr/4.3.3/avr5\libgcc.a(_fixunssfsi.o)
 .debug_pubnames
                0x00000023       0x2c c:/users/ahmed/onedrive/desktop/m.t embedded diploma/interface/avr_setup/bin/../lib/gcc/avr/4.3.3/avr5\libgcc.a(_addsub_sf.o)
 .debug_pubnames
                0x0000004f       0x1f c:/users/ahmed/onedrive/desktop/m.t embedded diploma/interface/avr_setup/bin/../lib/gcc/avr/4.3.3/avr5\libgcc.a(_mul_sf.o)
 .debug_pubnames
                0x0000006e       0x1f c:/users/ahmed/onedrive/desktop/m.t embedded diploma/interface/avr_setup/bin/../lib/gcc/avr/4.3.3/avr5\libgcc.a(_div_sf.o)
 .debug_pubnames
                0x0000008d       0x1e c:/users/ahmed/onedrive/desktop/m.t embedded diploma/interface/avr_setup/bin/../lib/gcc/avr/4.3.3/avr5\libgcc.a(_gt_sf.o)
 .debug_pubnames
                0x000000ab       0x1e c:/users/ahmed/onedrive/desktop/m.t embedded diploma/interface/avr_setup/bin/../lib/gcc/avr/4.3.3/avr5\libgcc.a(_ge_sf.o)
 .debug_pubnames
                0x000000c9       0x1e c:/users/ahmed/onedrive/desktop/m.t embedded diploma/interface/avr_setup/bin/../lib/gcc/avr/4.3.3/avr5\libgcc.a(_lt_sf.o)
 .debug_pubnames
                0x000000e7       0x20 c:/users/ahmed/onedrive/desktop/m.t embedded diploma/interface/avr_setup/bin/../lib/gcc/avr/4.3.3/avr5\libgcc.a(_sf_to_si.o)
 .debug_pubnames
                0x00000107       0x22 c:/users/ahmed/onedrive/desktop/m.t embedded diploma/interface/avr_setup/bin/../lib/gcc/avr/4.3.3/avr5\libgcc.a(_thenan_sf.o)
 .debug_pubnames
                0x00000129       0x24 c:/users/ahmed/onedrive/desktop/m.t embedded diploma/interface/avr_setup/bin/../lib/gcc/avr/4.3.3/avr5\libgcc.a(_usi_to_sf.o)
 .debug_pubnames
                0x0000014d       0x1f c:/users/ahmed/onedrive/desktop/m.t embedded diploma/interface/avr_setup/bin/../lib/gcc/avr/4.3.3/avr5\libgcc.a(_clzsi2.o)
 .debug_pubnames
                0x0000016c       0x1f c:/users/ahmed/onedrive/desktop/m.t embedded diploma/interface/avr_setup/bin/../lib/gcc/avr/4.3.3/avr5\libgcc.a(_pack_sf.o)
 .debug_pubnames
                0x0000018b       0x21 c:/users/ahmed/onedrive/desktop/m.t embedded diploma/interface/avr_setup/bin/../lib/gcc/avr/4.3.3/avr5\libgcc.a(_unpack_sf.o)
 .debug_pubnames
                0x000001ac       0x26 c:/users/ahmed/onedrive/desktop/m.t embedded diploma/interface/avr_setup/bin/../lib/gcc/avr/4.3.3/avr5\libgcc.a(_fpcmp_parts_sf.o)
 .debug_pubnames
                0x000001d2       0x20 c:/users/ahmed/onedrive/desktop/m.t embedded diploma/interface/avr_setup/bin/../lib/gcc/avr/4.3.3/avr5\libgcc.a(_clz.o)

.debug_info     0x00000000     0x240b
 *(.debug_info)
 .debug_info    0x00000000       0xb1 c:/users/ahmed/onedrive/desktop/m.t embedded diploma/interface/avr_setup/bin/../lib/gcc/avr/4.3.3/avr5\libgcc.a(_fixunssfsi.o)
 .debug_info    0x000000b1      0x47a c:/users/ahmed/onedrive/desktop/m.t embedded diploma/interface/avr_setup/bin/../lib/gcc/avr/4.3.3/avr5\libgcc.a(_addsub_sf.o)
 .debug_info    0x0000052b      0x485 c:/users/ahmed/onedrive/desktop/m.t embedded diploma/interface/avr_setup/bin/../lib/gcc/avr/4.3.3/avr5\libgcc.a(_mul_sf.o)
 .debug_info    0x000009b0      0x3fc c:/users/ahmed/onedrive/desktop/m.t embedded diploma/interface/avr_setup/bin/../lib/gcc/avr/4.3.3/avr5\libgcc.a(_div_sf.o)
 .debug_info    0x00000dac      0x27f c:/users/ahmed/onedrive/desktop/m.t embedded diploma/interface/avr_setup/bin/../lib/gcc/avr/4.3.3/avr5\libgcc.a(_gt_sf.o)
 .debug_info    0x0000102b      0x27f c:/users/ahmed/onedrive/desktop/m.t embedded diploma/interface/avr_setup/bin/../lib/gcc/avr/4.3.3/avr5\libgcc.a(_ge_sf.o)
 .debug_info    0x000012aa      0x27f c:/users/ahmed/onedrive/desktop/m.t embedded diploma/interface/avr_setup/bin/../lib/gcc/avr/4.3.3/avr5\libgcc.a(_lt_sf.o)
 .debug_info    0x00001529      0x2b0 c:/users/ahmed/onedrive/desktop/m.t embedded diploma/interface/avr_setup/bin/../lib/gcc/avr/4.3.3/avr5\libgcc.a(_sf_to_si.o)
 .debug_info    0x000017d9      0x12c c:/users/ahmed/onedrive/desktop/m.t embedded diploma/interface/avr_setup/bin/../lib/gcc/avr/4.3.3/avr5\libgcc.a(_thenan_sf.o)
 .debug_info    0x00001905      0x206 c:/users/ahmed/onedrive/desktop/m.t embedded diploma/interface/avr_setup/bin/../lib/gcc/avr/4.3.3/avr5\libgcc.a(_usi_to_sf.o)
 .debug_info    0x00001b0b      0x117 c:/users/ahmed/onedrive/desktop/m.t embedded diploma/interface/avr_setup/bin/../lib/gcc/avr/4.3.3/avr5\libgcc.a(_clzsi2.o)
 .debug_info    0x00001c22      0x2df c:/users/ahmed/onedrive/desktop/m.t embedded diploma/interface/avr_setup/bin/../lib/gcc/avr/4.3.3/avr5\libgcc.a(_pack_sf.o)
 .debug_info    0x00001f01      0x251 c:/users/ahmed/onedrive/desktop/m.t embedded diploma/interface/avr_setup/bin/../lib/gcc/avr/4.3.3/avr5\libgcc.a(_unpack_sf.o)
 .debug_info    0x00002152      0x210 c:/users/ahmed/onedrive/desktop/m.t embedded diploma/interface/avr_setup/bin/../lib/gcc/avr/4.3.3/avr5\libgcc.a(_fpcmp_parts_sf.o)
 .debug_info    0x00002362       0xa9 c:/users/ahmed/onedrive/desktop/m.t embedded diploma/interface/avr_setup/bin/../lib/gcc/avr/4.3.3/avr5\libgcc.a(_clz.o)
 *(.gnu.linkonce.wi.*)

.debug_abbrev   0x00000000     0x1386
 *(.debug_abbrev)
 .debug_abbrev  0x00000000       0x5d c:/users/ahmed/onedrive/desktop/m.t embedded diploma/interface/avr_setup/bin/../lib/gcc/avr/4.3.3/avr5\libgcc.a(_fixunssfsi.o)
 .debug_abbrev  0x0000005d      0x1ea c:/users/ahmed/onedrive/desktop/m.t embedded diploma/interface/avr_setup/bin/../lib/gcc/avr/4.3.3/avr5\libgcc.a(_addsub_sf.o)
 .debug_abbrev  0x00000247      0x21b c:/users/ahmed/onedrive/desktop/m.t embedded diploma/interface/avr_setup/bin/../lib/gcc/avr/4.3.3/avr5\libgcc.a(_mul_sf.o)
 .debug_abbrev  0x00000462      0x216 c:/users/ahmed/onedrive/desktop/m.t embedded diploma/interface/avr_setup/bin/../lib/gcc/avr/4.3.3/avr5\libgcc.a(_div_sf.o)
 .debug_abbrev  0x00000678      0x15a c:/users/ahmed/onedrive/desktop/m.t embedded diploma/interface/avr_setup/bin/../lib/gcc/avr/4.3.3/avr5\libgcc.a(_gt_sf.o)
 .debug_abbrev  0x000007d2      0x15a c:/users/ahmed/onedrive/desktop/m.t embedded diploma/interface/avr_setup/bin/../lib/gcc/avr/4.3.3/avr5\libgcc.a(_ge_sf.o)
 .debug_abbrev  0x0000092c      0x15a c:/users/ahmed/onedrive/desktop/m.t embedded diploma/interface/avr_setup/bin/../lib/gcc/avr/4.3.3/avr5\libgcc.a(_lt_sf.o)
 .debug_abbrev  0x00000a86      0x17f c:/users/ahmed/onedrive/desktop/m.t embedded diploma/interface/avr_setup/bin/../lib/gcc/avr/4.3.3/avr5\libgcc.a(_sf_to_si.o)
 .debug_abbrev  0x00000c05       0xad c:/users/ahmed/onedrive/desktop/m.t embedded diploma/interface/avr_setup/bin/../lib/gcc/avr/4.3.3/avr5\libgcc.a(_thenan_sf.o)
 .debug_abbrev  0x00000cb2      0x157 c:/users/ahmed/onedrive/desktop/m.t embedded diploma/interface/avr_setup/bin/../lib/gcc/avr/4.3.3/avr5\libgcc.a(_usi_to_sf.o)
 .debug_abbrev  0x00000e09       0xc4 c:/users/ahmed/onedrive/desktop/m.t embedded diploma/interface/avr_setup/bin/../lib/gcc/avr/4.3.3/avr5\libgcc.a(_clzsi2.o)
 .debug_abbrev  0x00000ecd      0x1c0 c:/users/ahmed/onedrive/desktop/m.t embedded diploma/interface/avr_setup/bin/../lib/gcc/avr/4.3.3/avr5\libgcc.a(_pack_sf.o)
 .debug_abbrev  0x0000108d      0x154 c:/users/ahmed/onedrive/desktop/m.t embedded diploma/interface/avr_setup/bin/../lib/gcc/avr/4.3.3/avr5\libgcc.a(_unpack_sf.o)
 .debug_abbrev  0x000011e1      0x13b c:/users/ahmed/onedrive/desktop/m.t embedded diploma/interface/avr_setup/bin/../lib/gcc/avr/4.3.3/avr5\libgcc.a(_fpcmp_parts_sf.o)
 .debug_abbrev  0x0000131c       0x6a c:/users/ahmed/onedrive/desktop/m.t embedded diploma/interface/avr_setup/bin/../lib/gcc/avr/4.3.3/avr5\libgcc.a(_clz.o)

.debug_line     0x00000000     0x11d6
 *(.debug_line)
 .debug_line    0x00000000       0xa7 c:/users/ahmed/onedrive/desktop/m.t embedded diploma/interface/avr_setup/bin/../lib/gcc/avr/4.3.3/avr5\libgcc.a(_fixunssfsi.o)
 .debug_line    0x000000a7      0x2af c:/users/ahmed/onedrive/desktop/m.t embedded diploma/interface/avr_setup/bin/../lib/gcc/avr/4.3.3/avr5\libgcc.a(_addsub_sf.o)
 .debug_line    0x00000356      0x239 c:/users/ahmed/onedrive/desktop/m.t embedded diploma/interface/avr_setup/bin/../lib/gcc/avr/4.3.3/avr5\libgcc.a(_mul_sf.o)
 .debug_line    0x0000058f      0x1d5 c:/users/ahmed/onedrive/desktop/m.t embedded diploma/interface/avr_setup/bin/../lib/gcc/avr/4.3.3/avr5\libgcc.a(_div_sf.o)
 .debug_line    0x00000764       0xd3 c:/users/ahmed/onedrive/desktop/m.t embedded diploma/interface/avr_setup/bin/../lib/gcc/avr/4.3.3/avr5\libgcc.a(_gt_sf.o)
 .debug_line    0x00000837       0xd3 c:/users/ahmed/onedrive/desktop/m.t embedded diploma/interface/avr_setup/bin/../lib/gcc/avr/4.3.3/avr5\libgcc.a(_ge_sf.o)
 .debug_line    0x0000090a       0xd3 c:/users/ahmed/onedrive/desktop/m.t embedded diploma/interface/avr_setup/bin/../lib/gcc/avr/4.3.3/avr5\libgcc.a(_lt_sf.o)
 .debug_line    0x000009dd      0x109 c:/users/ahmed/onedrive/desktop/m.t embedded diploma/interface/avr_setup/bin/../lib/gcc/avr/4.3.3/avr5\libgcc.a(_sf_to_si.o)
 .debug_line    0x00000ae6       0x90 c:/users/ahmed/onedrive/desktop/m.t embedded diploma/interface/avr_setup/bin/../lib/gcc/avr/4.3.3/avr5\libgcc.a(_thenan_sf.o)
 .debug_line    0x00000b76      0x133 c:/users/ahmed/onedrive/desktop/m.t embedded diploma/interface/avr_setup/bin/../lib/gcc/avr/4.3.3/avr5\libgcc.a(_usi_to_sf.o)
 .debug_line    0x00000ca9       0xa5 c:/users/ahmed/onedrive/desktop/m.t embedded diploma/interface/avr_setup/bin/../lib/gcc/avr/4.3.3/avr5\libgcc.a(_clzsi2.o)
 .debug_line    0x00000d4e      0x18a c:/users/ahmed/onedrive/desktop/m.t embedded diploma/interface/avr_setup/bin/../lib/gcc/avr/4.3.3/avr5\libgcc.a(_pack_sf.o)
 .debug_line    0x00000ed8      0x14b c:/users/ahmed/onedrive/desktop/m.t embedded diploma/interface/avr_setup/bin/../lib/gcc/avr/4.3.3/avr5\libgcc.a(_unpack_sf.o)
 .debug_line    0x00001023      0x137 c:/users/ahmed/onedrive/desktop/m.t embedded diploma/interface/avr_setup/bin/../lib/gcc/avr/4.3.3/avr5\libgcc.a(_fpcmp_parts_sf.o)
 .debug_line    0x0000115a       0x7c c:/users/ahmed/onedrive/desktop/m.t embedded diploma/interface/avr_setup/bin/../lib/gcc/avr/4.3.3/avr5\libgcc.a(_clz.o)

.debug_frame    0x00000000      0x1c0
 *(.debug_frame)
 .debug_frame   0x00000000       0x20 c:/users/ahmed/onedrive/desktop/m.t embedded diploma/interface/avr_setup/bin/../lib/gcc/avr/4.3.3/avr5\libgcc.a(_fixunssfsi.o)
 .debug_frame   0x00000020       0x40 c:/users/ahmed/onedrive/desktop/m.t embedded diploma/interface/avr_setup/bin/../lib/gcc/avr/4.3.3/avr5\libgcc.a(_addsub_sf.o)
 .debug_frame   0x00000060       0x20 c:/users/ahmed/onedrive/desktop/m.t embedded diploma/interface/avr_setup/bin/../lib/gcc/avr/4.3.3/avr5\libgcc.a(_mul_sf.o)
 .debug_frame   0x00000080       0x20 c:/users/ahmed/onedrive/desktop/m.t embedded diploma/interface/avr_setup/bin/../lib/gcc/avr/4.3.3/avr5\libgcc.a(_div_sf.o)
 .debug_frame   0x000000a0       0x20 c:/users/ahmed/onedrive/desktop/m.t embedded diploma/interface/avr_setup/bin/../lib/gcc/avr/4.3.3/avr5\libgcc.a(_gt_sf.o)
 .debug_frame   0x000000c0       0x20 c:/users/ahmed/onedrive/desktop/m.t embedded diploma/interface/avr_setup/bin/../lib/gcc/avr/4.3.3/avr5\libgcc.a(_ge_sf.o)
 .debug_frame   0x000000e0       0x20 c:/users/ahmed/onedrive/desktop/m.t embedded diploma/interface/avr_setup/bin/../lib/gcc/avr/4.3.3/avr5\libgcc.a(_lt_sf.o)
 .debug_frame   0x00000100       0x20 c:/users/ahmed/onedrive/desktop/m.t embedded diploma/interface/avr_setup/bin/../lib/gcc/avr/4.3.3/avr5\libgcc.a(_sf_to_si.o)
 .debug_frame   0x00000120       0x20 c:/users/ahmed/onedrive/desktop/m.t embedded diploma/interface/avr_setup/bin/../lib/gcc/avr/4.3.3/avr5\libgcc.a(_usi_to_sf.o)
 .debug_frame   0x00000140       0x20 c:/users/ahmed/onedrive/desktop/m.t embedded diploma/interface/avr_setup/bin/../lib/gcc/avr/4.3.3/avr5\libgcc.a(_clzsi2.o)
 .debug_frame   0x00000160       0x20 c:/users/ahmed/onedrive/desktop/m.t embedded diploma/interface/avr_setup/bin/../lib/gcc/avr/4.3.3/avr5\libgcc.a(_pack_sf.o)
 .debug_frame   0x00000180       0x20 c:/users/ahmed/onedrive/desktop/m.t embedded diploma/interface/avr_setup/bin/../lib/gcc/avr/4.3.3/avr5\libgcc.a(_unpack_sf.o)
 .debug_frame   0x000001a0       0x20 c:/users/ahmed/onedrive/desktop/m.t embedded diploma/interface/avr_setup/bin/../lib/gcc/avr/4.3.3/avr5\libgcc.a(_fpcmp_parts_sf.o)

.debug_str      0x00000000      0x2f6
 *(.debug_str)
 .debug_str     0x00000000       0xbf c:/users/ahmed/onedrive/desktop/m.t embedded diploma/interface/avr_setup/bin/../lib/gcc/avr/4.3.3/avr5\libgcc.a(_fixunssfsi.o)
                                 0xfe (size before relaxing)
 .debug_str     0x000000bf      0x14d c:/users/ahmed/onedrive/desktop/m.t embedded diploma/interface/avr_setup/bin/../lib/gcc/avr/4.3.3/avr5\libgcc.a(_addsub_sf.o)
                                0x206 (size before relaxing)
 .debug_str     0x0000020c       0x27 c:/users/ahmed/onedrive/desktop/m.t embedded diploma/interface/avr_setup/bin/../lib/gcc/avr/4.3.3/avr5\libgcc.a(_mul_sf.o)
                                0x1bf (size before relaxing)
 .debug_str     0x00000233       0x35 c:/users/ahmed/onedrive/desktop/m.t embedded diploma/interface/avr_setup/bin/../lib/gcc/avr/4.3.3/avr5\libgcc.a(_div_sf.o)
                                0x1c8 (size before relaxing)
 .debug_str     0x00000268        0x8 c:/users/ahmed/onedrive/desktop/m.t embedded diploma/interface/avr_setup/bin/../lib/gcc/avr/4.3.3/avr5\libgcc.a(_gt_sf.o)
                                0x195 (size before relaxing)
 .debug_str     0x00000270        0x8 c:/users/ahmed/onedrive/desktop/m.t embedded diploma/interface/avr_setup/bin/../lib/gcc/avr/4.3.3/avr5\libgcc.a(_ge_sf.o)
                                0x195 (size before relaxing)
 .debug_str     0x00000278        0x8 c:/users/ahmed/onedrive/desktop/m.t embedded diploma/interface/avr_setup/bin/../lib/gcc/avr/4.3.3/avr5\libgcc.a(_lt_sf.o)
                                0x195 (size before relaxing)
 .debug_str     0x00000280        0xa c:/users/ahmed/onedrive/desktop/m.t embedded diploma/interface/avr_setup/bin/../lib/gcc/avr/4.3.3/avr5\libgcc.a(_sf_to_si.o)
                                0x19e (size before relaxing)
 .debug_str     0x00000000      0x103 c:/users/ahmed/onedrive/desktop/m.t embedded diploma/interface/avr_setup/bin/../lib/gcc/avr/4.3.3/avr5\libgcc.a(_thenan_sf.o)
 .debug_str     0x0000028a       0x21 c:/users/ahmed/onedrive/desktop/m.t embedded diploma/interface/avr_setup/bin/../lib/gcc/avr/4.3.3/avr5\libgcc.a(_usi_to_sf.o)
                                0x177 (size before relaxing)
 .debug_str     0x000002ab       0x20 c:/users/ahmed/onedrive/desktop/m.t embedded diploma/interface/avr_setup/bin/../lib/gcc/avr/4.3.3/avr5\libgcc.a(_clzsi2.o)
                                0x111 (size before relaxing)
 .debug_str     0x000002cb       0x10 c:/users/ahmed/onedrive/desktop/m.t embedded diploma/interface/avr_setup/bin/../lib/gcc/avr/4.3.3/avr5\libgcc.a(_pack_sf.o)
                                0x19d (size before relaxing)
 .debug_str     0x000002db        0xb c:/users/ahmed/onedrive/desktop/m.t embedded diploma/interface/avr_setup/bin/../lib/gcc/avr/4.3.3/avr5\libgcc.a(_unpack_sf.o)
                                0x17f (size before relaxing)
 .debug_str     0x000002e6       0x10 c:/users/ahmed/onedrive/desktop/m.t embedded diploma/interface/avr_setup/bin/../lib/gcc/avr/4.3.3/avr5\libgcc.a(_fpcmp_parts_sf.o)
                                0x163 (size before relaxing)
 .debug_str     0x00000000       0xf4 c:/users/ahmed/onedrive/desktop/m.t embedded diploma/interface/avr_setup/bin/../lib/gcc/avr/4.3.3/avr5\libgcc.a(_clz.o)

.debug_loc      0x00000000      0x96e
 *(.debug_loc)
 .debug_loc     0x00000000       0x34 c:/users/ahmed/onedrive/desktop/m.t embedded diploma/interface/avr_setup/bin/../lib/gcc/avr/4.3.3/avr5\libgcc.a(_fixunssfsi.o)
 .debug_loc     0x00000034      0x32a c:/users/ahmed/onedrive/desktop/m.t embedded diploma/interface/avr_setup/bin/../lib/gcc/avr/4.3.3/avr5\libgcc.a(_addsub_sf.o)
 .debug_loc     0x0000035e      0x104 c:/users/ahmed/onedrive/desktop/m.t embedded diploma/interface/avr_setup/bin/../lib/gcc/avr/4.3.3/avr5\libgcc.a(_mul_sf.o)
 .debug_loc     0x00000462       0xc0 c:/users/ahmed/onedrive/desktop/m.t embedded diploma/interface/avr_setup/bin/../lib/gcc/avr/4.3.3/avr5\libgcc.a(_div_sf.o)
 .debug_loc     0x00000522       0x3c c:/users/ahmed/onedrive/desktop/m.t embedded diploma/interface/avr_setup/bin/../lib/gcc/avr/4.3.3/avr5\libgcc.a(_gt_sf.o)
 .debug_loc     0x0000055e       0x3c c:/users/ahmed/onedrive/desktop/m.t embedded diploma/interface/avr_setup/bin/../lib/gcc/avr/4.3.3/avr5\libgcc.a(_ge_sf.o)
 .debug_loc     0x0000059a       0x3c c:/users/ahmed/onedrive/desktop/m.t embedded diploma/interface/avr_setup/bin/../lib/gcc/avr/4.3.3/avr5\libgcc.a(_lt_sf.o)
 .debug_loc     0x000005d6       0x7e c:/users/ahmed/onedrive/desktop/m.t embedded diploma/interface/avr_setup/bin/../lib/gcc/avr/4.3.3/avr5\libgcc.a(_sf_to_si.o)
 .debug_loc     0x00000654       0x4c c:/users/ahmed/onedrive/desktop/m.t embedded diploma/interface/avr_setup/bin/../lib/gcc/avr/4.3.3/avr5\libgcc.a(_usi_to_sf.o)
 .debug_loc     0x000006a0       0x94 c:/users/ahmed/onedrive/desktop/m.t embedded diploma/interface/avr_setup/bin/../lib/gcc/avr/4.3.3/avr5\libgcc.a(_clzsi2.o)
 .debug_loc     0x00000734      0x13e c:/users/ahmed/onedrive/desktop/m.t embedded diploma/interface/avr_setup/bin/../lib/gcc/avr/4.3.3/avr5\libgcc.a(_pack_sf.o)
 .debug_loc     0x00000872       0xac c:/users/ahmed/onedrive/desktop/m.t embedded diploma/interface/avr_setup/bin/../lib/gcc/avr/4.3.3/avr5\libgcc.a(_unpack_sf.o)
 .debug_loc     0x0000091e       0x50 c:/users/ahmed/onedrive/desktop/m.t embedded diploma/interface/avr_setup/bin/../lib/gcc/avr/4.3.3/avr5\libgcc.a(_fpcmp_parts_sf.o)

.debug_macinfo
 *(.debug_macinfo)
OUTPUT(FanControllerSystem.elf elf32-avr)
LOAD linker stubs

.debug_ranges   0x00000000       0x50
 .debug_ranges  0x00000000       0x50 c:/users/ahmed/onedrive/desktop/m.t embedded diploma/interface/avr_setup/bin/../lib/gcc/avr/4.3.3/avr5\libgcc.a(_mul_sf.o)
